Код ошибки: 1
Номер строки: 4
Недопустимый cимвол !
--------------------
